2026-09-15 00:25:29 - INFO - Loaded WandB API key from .wandb_api_key.txt - (927541:train_csgo.py:2533)
2026-09-15 00:25:32 - INFO - model_args: ModelArguments(model_name_or_path='UniLIP-1B', version='internvl', freeze_backbone=True, tune_mm_mlp_adapter=False, vision_tower=None, gen_vision_tower=None, mm_vision_select_layer=-1, pretrain_mm_mlp_adapter=None, pretrain_gen_mlp_adapter=None, vision_tower_pretrained=None, mm_projector_type='linear', gen_projector_type='linear', mm_use_im_start_end=False, mm_use_im_patch_token=False, mm_patch_merge_type='flat', mm_vision_select_feature='patch', n_query=256, n_und_query=0, gen_pooling='all', unilip_path='', unilip_factor=10.6, weighting_scheme='logit_normal', fix_dit=False, fix_connect=False, fix_vit=True, fix_llm=True, train_mm_projector_only=False, train_shared_llm_tail_only=False, shared_llm_tail_num_layers=2, shared_llm_tail_lora_enabled=False, shared_llm_tail_lora_mode='lora_only', connect_layer=6, mllm_path='', mllm_hf_path='OpenGVLab/InternVL3-1B-hf', vae_path='', dit_path='', action_dit_layer=3, is_action_dit_dense_timestep=False) - (927541:train_csgo.py:2545)
2026-09-15 00:25:32 - INFO - data_args: DataArguments(csgo_config='csgo_configs/exp31_3_3maps.yaml', data_path=None, lazy_preprocess=True, is_multimodal=False, csgo_image_folder='data/preprocessed_data', shortcaption_image_folder=None, data_type='mix', image_aspect_ratio='square', benchmark_v2_support_seed=None, benchmark_v2_shots_per_map=None, benchmark_v2_asset_manifest=None) - (927541:train_csgo.py:2546)
2026-09-15 00:25:32 - INFO - training_args: TrainingArguments(
_n_gpu=1,
accelerator_config={'split_batches': False, 'dispatch_batches': None, 'even_batches': True, 'use_seedable_sampler': True, 'non_blocking': False, 'gradient_accumulation_kwargs': None, 'use_configured_state': False},
action_dit_connector_lr=None,
action_dit_lora_lr=None,
action_dit_lr=0.0001,
action_dit_norm_lr=None,
action_dit_projector_lr=0.001,
action_io_mlp_lr=None,
adafactor=False,
adam_beta1=0.9,
adam_beta2=0.999,
adam_epsilon=1e-08,
auto_find_batch_size=False,
average_tokens_across_devices=True,
batch_eval_metrics=False,
bf16=True,
bf16_full_eval=False,
bits=16,
cache_dir=None,
data_seed=None,
dataloader_drop_last=False,
dataloader_num_workers=4,
dataloader_persistent_workers=True,
dataloader_pin_memory=True,
dataloader_prefetch_factor=4,
ddp_backend=None,
ddp_broadcast_buffers=None,
ddp_bucket_cap_mb=None,
ddp_find_unused_parameters=None,
ddp_timeout=1800,
debug=[],
deepspeed=deepspeed_scripts/zero0.json,
disable_tqdm=False,
do_eval=False,
do_predict=False,
do_train=False,
double_quant=True,
enable_step_timing=True,
eval_accumulation_steps=None,
eval_delay=0,
eval_do_concat_batches=True,
eval_on_start=False,
eval_steps=None,
eval_strategy=IntervalStrategy.NO,
eval_use_gather_object=False,
fp16=False,
fp16_backend=auto,
fp16_full_eval=False,
fp16_opt_level=O1,
freeze_mm_mlp_adapter=False,
fsdp=[],
fsdp_config={'min_num_params': 0, 'xla': False, 'xla_fsdp_v2': False, 'xla_fsdp_grad_ckpt': False},
fsdp_min_num_params=0,
fsdp_transformer_layer_cls_to_wrap=None,
full_determinism=False,
gen_dit_lora_lr=None,
gradient_accumulation_steps=16,
gradient_checkpointing=True,
gradient_checkpointing_kwargs=None,
greater_is_better=None,
group_by_length=False,
group_by_modality_length=False,
half_precision_backend=auto,
hub_always_push=False,
hub_model_id=None,
hub_private_repo=None,
hub_revision=None,
hub_strategy=HubStrategy.EVERY_SAVE,
hub_token=<HUB_TOKEN>,
ignore_data_skip=False,
include_for_metrics=[],
include_inputs_for_metrics=False,
include_num_input_tokens_seen=no,
include_tokens_per_second=False,
is_action_dit_projector=False,
is_loc_learnable_query=False,
is_lora=False,
jit_mode_eval=False,
label_names=None,
label_smoothing_factor=0.0,
learning_rate=0.0001,
length_column_name=length,
liger_kernel_config=None,
llm_connector_lora_lr=None,
llm_lora_lr=0.0001,
llm_lr=1e-05,
llm_train_mode=frozen,
load_best_model_at_end=False,
loc_learnable_query_lr=0.0005,
loc_token_lr=None,
local_rank=0,
log_level=passive,
log_level_replica=warning,
log_on_each_node=True,
logging_dir=outputs/csgo_1b/exp31_3_3maps/runs/Sep15_00-25-29_gpusvr07,
logging_first_step=False,
logging_nan_inf_filter=True,
logging_steps=1.0,
logging_strategy=IntervalStrategy.STEPS,
lora_alpha=16,
lora_bias=none,
lora_dropout=0.05,
lora_r=64,
lora_weight_path=,
lr_scheduler_kwargs={'min_lr': 1e-05},
lr_scheduler_type=cosine_with_min_lr,
max_grad_norm=1.0,
max_steps=-1,
metric_for_best_model=None,
mm_projector_lr=None,
model_max_length=1024,
mp_parameters=,
mpt_attn_impl=triton,
neftune_noise_alpha=None,
no_cuda=False,
num_train_epochs=50.0,
optim=OptimizerNames.ADAMW_TORCH,
optim_args=None,
optim_target_modules=None,
output_dir=outputs/csgo_1b/exp31_3_3maps,
overwrite_output_dir=False,
parallelism_config=None,
past_index=-1,
per_device_eval_batch_size=8,
per_device_train_batch_size=8,
prediction_loss_only=False,
pretrain_path=none,
project=huggingface,
push_to_hub=False,
push_to_hub_model_id=None,
push_to_hub_organization=None,
push_to_hub_token=<PUSH_TO_HUB_TOKEN>,
quant_type=nf4,
ray_scope=last,
remove_unused_columns=False,
report_to=['wandb'],
restore_callback_states_from_checkpoint=False,
resume_checkpoint_gradient_accumulation_steps=None,
resume_checkpoint_train_batch_size=None,
resume_checkpoint_world_size=None,
resume_from_checkpoint=None,
resume_preserve_effective_batch_size=True,
resume_rewrite_trainer_state_batch_size=True,
resume_target_effective_batch_size=None,
run_name=None,
save_on_each_node=False,
save_only_model=False,
save_safetensors=True,
save_steps=2000,
save_strategy=SaveStrategy.STEPS,
save_total_limit=3,
seed=42,
shared_llm_tail_lora_alpha=32,
shared_llm_tail_lora_dropout=0.05,
shared_llm_tail_lora_lr=None,
shared_llm_tail_lora_r=16,
shared_llm_tail_lr=None,
skip_memory_metrics=True,
step_timing_sync_cuda=True,
tf32=True,
torch_compile=False,
torch_compile_backend=None,
torch_compile_mode=None,
torch_empty_cache_steps=None,
torchdynamo=None,
tpu_metrics_debug=False,
tpu_num_cores=None,
trackio_space_id=trackio,
use_cpu=False,
use_legacy_prediction_loop=False,
use_liger_kernel=False,
use_mps_device=False,
warmup_ratio=0.003,
warmup_steps=0,
weight_decay=0.0,
) - (927541:train_csgo.py:2547)
2026-09-15 00:25:32 - INFO - csgo_config: {'debug': False, 'is_multi_task': True, 'is_multi_task_balanced': True, 'task_mix_ratio': 0.5, 'alpha_loc_loss': 2, 'alpha_loc_schedule_steps': [0, 3000, 5400, 8400], 'alpha_loc_schedule_values': [2.0, 5.0, 10.0, 20.0], 'is_loc_aux_loss': False, 'alpha_loc_aux_loss': 0.0, 'is_aux_loc_em_loss': False, 'is_aux_loc_uncertainty_loss': False, 'is_aux_loc_combined_em_unc_loss': False, 'is_gen_aux_loss': False, 'aux_loc_combined_num_samples': 2, 'aux_loc_combined_candidate_tau': 1.0, 'aux_loc_combined_unc_metric': 'residual_l1_normed', 'aux_loc_combined_unc_tau': 1.0, 'aux_loc_combined_unc_min_weight': 0.05, 'aux_loc_combined_share_loc_noise': True, 'aux_loc_combined_unc_eps': 1e-06, 'aux_loc_timestep_weight_type': 'exp_sigma', 'aux_loc_exp_weight_lambda': 5.0, 'aux_loc_timestep_weight_renorm': 'none', 'is_loc_perception_loss': True, 'alpha_loc_perception_loss': 0.0, 'alpha_loc_perception_schedule_steps': [0, 599, 600], 'alpha_loc_perception_schedule_values': [0.0, 0.0, 0.1], 'loc_perception_teacher_type': 'current_loc_head', 'loc_perception_use_ema_teacher': False, 'loc_perception_ema_decay': 0.999, 'loc_perception_feature_source': 'vision_tower', 'loc_perception_loss_type': 'smooth_l1', 'loc_perception_use_attention_weight': True, 'loc_perception_attention_source': 'teacher_gt', 'loc_perception_attention_layer': 'last', 'loc_perception_attention_head_reduce': 'mean', 'loc_perception_attention_normalize': 'mean_one', 'loc_perception_attention_detach': True, 'loc_perception_attention_action_time': 'loc_sampled', 'loc_perception_attention_eps': 1e-06, 'loc_perception_timestep_weight': 'linear_1m_sigma', 'loc_perception_use_und_tokens_only': True, 'loc_perception_teacher_detach': True, 'is_repa_loss': False, 'is_loc_repa_loss': False, 'is_noisy_loc_loss': False, 'is_action_dit_dense_timestep': True, 'is_action_dit_projector': True, 'action_dit_projector_lr': 0.0005, 'action_dit_lr': 0.0001, 'is_aciton_dit_vae_small_init': False, 'use_pi05_action_dit': True, 'pi05_pytorch_weight_path': '/home/jiahao/.cache/openpi/openpi-assets/checkpoints/pi05_base', 'use_external_loc_model': False, 'img_size': 224, 'use_short_instruction': True, 'benchmark_v2_manifest': 'data/csgo_benchmark_v2/benchmark_manifest.json', 'benchmark_v2_split': 'seen_train', 'data_dir': 'data/preprocessed_data', 'train_maps': ['de_ancient', 'de_dust2', 'de_nuke'], 'val_maps': ['de_ancient', 'de_dust2', 'de_nuke'], 'test_maps': ['de_ancient', 'de_dust2', 'de_nuke'], 'is_lora': False, 'llm_train_mode': 'frozen', 'fix_vit': True, 'fix_llm': True, 'fix_connect': False, 'fix_dit': False, 'freeze_gen_head': False, 'freeze_loc_head': False, 'learning_rate': 0.0001, 'mm_projector_lr': 0.0001, 'action_dit_connector_lr': 0.0005, 'action_dit_norm_lr': 0.0005, 'action_io_mlp_lr': 0.0001, 'weight_decay': 0.0, 'warmup_ratio': 0.003, 'lr_scheduler_type': 'cosine_with_min_lr', 'lr_scheduler_kwargs': {'min_lr': 1e-05}} - (927541:train_csgo.py:2548)
2026-09-15 00:25:32 - INFO - Start Unified_UniLIP_InternVLForCausalLM.from_pretrained: UniLIP-1B - (927541:train_csgo.py:2576)
