START exp36_1_de_golden/20/train
START exp36_1_de_golden/20/generation_discrete_crossmap_inference
START exp36_1_de_golden/20/generation_continuous_crossmap_inference
START exp36_1_de_golden/20/generation_discrete_seen_inference
START exp36_1_de_golden/20/generation_continuous_seen_inference
START exp36_1_de_golden/20/localization_crossmap_inference_metric
START exp36_1_de_golden/20/localization_seen_inference_metric
START exp36_1_de_golden/20/generation_discrete_crossmap_metric_de_golden
START exp36_1_de_golden/20/generation_continuous_crossmap_metric_de_golden
START exp36_1_de_golden/20/generation_discrete_seen_metric_cs_agency
START exp36_1_de_golden/20/generation_discrete_seen_metric_cs_italy
START exp36_1_de_golden/20/generation_discrete_seen_metric_de_ancient
START exp36_1_de_golden/20/generation_discrete_seen_metric_de_anubis
START exp36_1_de_golden/20/generation_discrete_seen_metric_de_dust2
START exp36_1_de_golden/20/generation_discrete_seen_metric_de_inferno
START exp36_1_de_golden/20/generation_discrete_seen_metric_de_mirage
START exp36_1_de_golden/20/generation_discrete_seen_metric_de_nuke
START exp36_1_de_golden/20/generation_discrete_seen_metric_de_overpass
START exp36_1_de_golden/20/generation_discrete_seen_metric_de_train
START exp36_1_de_golden/20/generation_discrete_seen_aggregate
START exp36_1_de_golden/20/generation_continuous_seen_metric_cs_agency
START exp36_1_de_golden/20/generation_continuous_seen_metric_cs_italy
START exp36_1_de_golden/20/generation_continuous_seen_metric_de_ancient
START exp36_1_de_golden/20/generation_continuous_seen_metric_de_anubis
START exp36_1_de_golden/20/generation_continuous_seen_metric_de_dust2
START exp36_1_de_golden/20/generation_continuous_seen_metric_de_inferno
START exp36_1_de_golden/20/generation_continuous_seen_metric_de_mirage
START exp36_1_de_golden/20/generation_continuous_seen_metric_de_nuke
START exp36_1_de_golden/20/generation_continuous_seen_metric_de_overpass
START exp36_1_de_golden/20/generation_continuous_seen_metric_de_train
START exp36_1_de_golden/20/generation_continuous_seen_aggregate
DONE exp36_1_de_golden/20 pipeline
