2026-09-20 18:35:07 - WARNING - Resume checkpoint Loaded:  TrainingArguments(
_n_gpu=1,
accelerator_config={'split_batches': False, 'dispatch_batches': None, 'even_batches': True, 'use_seedable_sampler': True, 'non_blocking': False, 'gradient_accumulation_kwargs': None, 'use_configured_state': False},
action_dit_connector_lr=0.0001,
action_dit_lora_lr=5e-05,
action_dit_lr=0.0001,
action_dit_norm_lr=0.0005,
action_dit_projector_lr=0.0005,
action_io_mlp_lr=0.0001,
adafactor=False,
adam_beta1=0.9,
adam_beta2=0.999,
adam_epsilon=1e-08,
auto_find_batch_size=False,
average_tokens_across_devices=True,
batch_eval_metrics=False,
bf16=True,
bf16_full_eval=False,
bits=16,
cache_dir=None,
data_seed=None,
dataloader_drop_last=False,
dataloader_num_workers=4,
dataloader_persistent_workers=True,
dataloader_pin_memory=True,
dataloader_prefetch_factor=4,
ddp_backend=None,
ddp_broadcast_buffers=None,
ddp_bucket_cap_mb=None,
ddp_find_unused_parameters=None,
ddp_timeout=1800,
debug=[],
deepspeed=deepspeed_scripts/zero0.json,
disable_tqdm=False,
do_eval=False,
do_predict=False,
do_train=False,
double_quant=True,
enable_step_timing=True,
eval_accumulation_steps=None,
eval_delay=0,
eval_do_concat_batches=True,
eval_on_start=False,
eval_steps=None,
eval_strategy=IntervalStrategy.NO,
eval_use_gather_object=False,
fp16=False,
fp16_backend=auto,
fp16_full_eval=False,
fp16_opt_level=O1,
freeze_mm_mlp_adapter=False,
fsdp=[],
fsdp_config={'min_num_params': 0, 'xla': False, 'xla_fsdp_v2': False, 'xla_fsdp_grad_ckpt': False},
fsdp_min_num_params=0,
fsdp_transformer_layer_cls_to_wrap=None,
full_determinism=False,
gen_dit_lora_lr=0.0001,
gradient_accumulation_steps=8,
gradient_checkpointing=True,
gradient_checkpointing_kwargs=None,
greater_is_better=None,
group_by_length=False,
group_by_modality_length=False,
half_precision_backend=auto,
hub_always_push=False,
hub_model_id=None,
hub_private_repo=None,
hub_revision=None,
hub_strategy=HubStrategy.EVERY_SAVE,
hub_token=<HUB_TOKEN>,
ignore_data_skip=False,
include_for_metrics=[],
include_inputs_for_metrics=False,
include_num_input_tokens_seen=no,
include_tokens_per_second=False,
is_action_dit_projector=True,
is_loc_learnable_query=False,
is_lora=True,
jit_mode_eval=False,
label_names=None,
label_smoothing_factor=0.0,
learning_rate=0.0001,
length_column_name=length,
liger_kernel_config=None,
llm_connector_lora_lr=0.0001,
llm_lora_lr=0.0001,
llm_lr=1e-05,
llm_train_mode=lora,
load_best_model_at_end=False,
loc_learnable_query_lr=0.0005,
loc_token_lr=None,
local_rank=0,
log_level=passive,
log_level_replica=warning,
log_on_each_node=True,
logging_dir=outputs/csgo_1b/exp32_1/runs/Sep20_01-22-50_gpu-05,
logging_first_step=False,
logging_nan_inf_filter=True,
logging_steps=1.0,
logging_strategy=IntervalStrategy.STEPS,
lora_alpha=64,
lora_bias=none,
lora_dropout=0.05,
lora_r=32,
lora_weight_path=,
lr_scheduler_kwargs={'min_lr': 1e-05},
lr_scheduler_type=cosine_with_min_lr,
max_grad_norm=1.0,
max_steps=-1,
metric_for_best_model=None,
mm_projector_lr=0.0001,
model_max_length=1024,
mp_parameters=,
mpt_attn_impl=triton,
neftune_noise_alpha=None,
no_cuda=False,
num_train_epochs=50.0,
optim=OptimizerNames.ADAMW_TORCH,
optim_args=None,
optim_target_modules=None,
output_dir=outputs/csgo_1b/exp32_1,
overwrite_output_dir=False,
parallelism_config=None,
past_index=-1,
per_device_eval_batch_size=8,
per_device_train_batch_size=8,
prediction_loss_only=False,
pretrain_path=none,
project=huggingface,
push_to_hub=False,
push_to_hub_model_id=None,
push_to_hub_organization=None,
push_to_hub_token=<PUSH_TO_HUB_TOKEN>,
quant_type=nf4,
ray_scope=last,
remove_unused_columns=False,
report_to=['wandb'],
restore_callback_states_from_checkpoint=False,
resume_checkpoint_gradient_accumulation_steps=None,
resume_checkpoint_train_batch_size=None,
resume_checkpoint_world_size=None,
resume_from_checkpoint=None,
resume_preserve_effective_batch_size=True,
resume_rewrite_trainer_state_batch_size=True,
resume_target_effective_batch_size=None,
run_name=None,
save_on_each_node=False,
save_only_model=False,
save_safetensors=True,
save_steps=2000,
save_strategy=SaveStrategy.STEPS,
save_total_limit=3,
seed=42,
shared_llm_tail_lora_alpha=32,
shared_llm_tail_lora_dropout=0.05,
shared_llm_tail_lora_lr=None,
shared_llm_tail_lora_r=16,
shared_llm_tail_lr=None,
skip_memory_metrics=True,
step_timing_sync_cuda=True,
tf32=True,
torch_compile=False,
torch_compile_backend=None,
torch_compile_mode=None,
torch_empty_cache_steps=None,
torchdynamo=None,
tpu_metrics_debug=False,
tpu_num_cores=None,
trackio_space_id=trackio,
use_cpu=False,
use_legacy_prediction_loop=False,
use_liger_kernel=False,
use_mps_device=False,
warmup_ratio=0.003,
warmup_steps=0,
weight_decay=0.0,
) - (1224779:train_csgo.py:880)
